-1: ; EXIT_CODE: 0
0: ; EXIT_CODE: 0
1: ; EXIT_CODE: 0
10: ; EXIT_CODE: 0
100000: ; EXIT_CODE: 0
0.5: ❗  Failed validation is-int: 0.5; EXIT_CODE: 1
-0.5: ❗  Failed validation is-int: -0.5; EXIT_CODE: 1
1.0: ❗  Failed validation is-int: 1.0; EXIT_CODE: 1
.0: ❗  Failed validation is-int: .0; EXIT_CODE: 1
: ❗  Failed validation is-int: ; EXIT_CODE: 1
1: ; EXIT_CODE: 0
NO ARGS: ❗  validate: ARG was not set. EXIT_CODE: 1
